submit proof-prep-193458 ACCEPTED
{
 "status": "PASS",
 "stage": "PASS",
 "detail": "COMPLETE_EXECUTION_READY",
 "device_stage": "CLEAR_BETSLIP",
 "fixture_name": "Hapoel Jerusalem v Bnei Herzliya",
 "selection": {
  "market": "TOTAL",
  "side": "OVER",
  "line": "177.5",
  "price": "1.83",
  "availability": "OPEN",
  "selection_role": "OVER",
  "selection_name": "Over",
  "bounds": [
   436,
   655,
   512,
   705
  ]
 },
 "ready_state": {
  "fixture_home": "Hapoel Jerusalem",
  "fixture_away": "Bnei Herzliya",
  "market": "TOTAL",
  "selection_role": "OVER",
  "selection_name": "Over",
  "line": "177.5",
  "price": "1.83",
  "stake": "0.10",
  "session": "LOGGED_IN",
  "state": "READY",
  "minimum_price_ok": true,
  "place_bet_visible": true,
  "wager_submitted": false,
  "stop_before_wager": true
 },
 "place_bet_tapped": null,
 "wager_submitted": false,
 "betslip_clear": {
  "tapped": true,
  "bounds": [
   17,
   1175,
   45,
   1207
  ],
  "place_bet_still_visible": false
 },
 "verification_detail": "COMPLETE_EXECUTION_READY: Place Bet located and gesture prepared; NOT dispatched",
 "stake_check_typed": null,
 "stake_check_after_done": null,
 "stake_check_final": null
}
============================================================
